[    6098ms] [ERROR] Failed to load resource: the server responded with a status of 404 () @ https://web.archive.org/web/20250912151500/http://web.archive.org/screenshot/https://docs.cursor.com/en/agent/chat/summarization:0
[   13158ms] Error: Minified React error #418; visit https://web.archive.org/web/20250912120004/https://react.dev/errors/418?args[]=HTML&args[]= for the full message or use the non-minified dev environment for full errors and additional helpful warnings.
    at rD (https://web.archive.org/web/20250912151500js_/https://docs.cursor.com/mintlify-assets/_next/static/chunks/87c73c54-2174f7eb4d0d8b2a.js:10:35445)
    at oW (https://web.archive.org/web/20250912151500js_/https://docs.cursor.com/mintlify-assets/_next/static/chunks/87c73c54-2174f7eb4d0d8b2a.js:10:84720)
    at ib (https://web.archive.org/web/20250912151500js_/https://docs.cursor.com/mintlify-assets/_next/static/chunks/87c73c54-2174f7eb4d0d8b2a.js:10:114773)
    at https://web.archive.org/web/20250912151500js_/https://docs.cursor.com/mintlify-assets/_next/static/chunks/87c73c54-2174f7eb4d0d8b2a.js:10:110821
    at io (https://web.archive.org/web/20250912151500js_/https://docs.cursor.com/mintlify-assets/_next/static/chunks/87c73c54-2174f7eb4d0d8b2a.js:10:110922)
    at iY (https://web.archive.org/web/20250912151500js_/https://docs.cursor.com/mintlify-assets/_next/static/chunks/87c73c54-2174f7eb4d0d8b2a.js:10:133025)
    at MessagePort.w (https://web.archive.org/web/20250912151500js_/https://docs.cursor.com/mintlify-assets/_next/static/chunks/1902-d2eebc9ba6f4e9de.js:10:102434)
[   13169ms] SyntaxError: Failed to execute 'appendChild' on 'Node': Cannot use import statement outside a module
    at t.Function.call (https://web-static.archive.org/_static/js/wombat.js?v=o9P2E1FK:21:54745)
    at b.rewriteNodeFuncArgs (https://web-static.archive.org/_static/js/wombat.js?v=o9P2E1FK:21:31594)
    at t.appendChild (https://web-static.archive.org/_static/js/wombat.js?v=o9P2E1FK:21:78490)
    at h (https://web.archive.org/web/20250912151500js_/https://docs.cursor.com/mintlify-assets/_next/static/chunks/4065-d3c1d2f1fbe57123.js:10:80715)
    at https://web.archive.org/web/20250912151500js_/https://docs.cursor.com/mintlify-assets/_next/static/chunks/4065-d3c1d2f1fbe57123.js:10:81529
    at o0 (https://web.archive.org/web/20250912151500js_/https://docs.cursor.com/mintlify-assets/_next/static/chunks/87c73c54-2174f7eb4d0d8b2a.js:10:89051)
    at ux (https://web.archive.org/web/20250912151500js_/https://docs.cursor.com/mintlify-assets/_next/static/chunks/87c73c54-2174f7eb4d0d8b2a.js:10:104940)
    at uS (https://web.archive.org/web/20250912151500js_/https://docs.cursor.com/mintlify-assets/_next/static/chunks/87c73c54-2174f7eb4d0d8b2a.js:10:104824)
    at ux (https://web.archive.org/web/20250912151500js_/https://docs.cursor.com/mintlify-assets/_next/static/chunks/87c73c54-2174f7eb4d0d8b2a.js:10:104985)
    at uS (https://web.archive.org/web/20250912151500js_/https://docs.cursor.com/mintlify-assets/_next/static/chunks/87c73c54-2174f7eb4d0d8b2a.js:10:104824)
[   13366ms] NetworkError: Failed to execute 'importScripts' on 'WorkerGlobalScope': The script at 'https://web-static.archive.org/_static/wombatWorkers.js' failed to load.
    at blob:https://web.archive.org/6675b3d4-130f-4f0c-a9bf-ea50613f0f79:1:20
    at blob:https://web.archive.org/6675b3d4-130f-4f0c-a9bf-ea50613f0f79:1:275
[   13762ms] [ERROR] Failed to load resource: the server responded with a status of 404 () @ https://web.archive.org/web/20250912085632/https://events-proxy.mintlify.com/decide/?v=3&ip=1&_=1757690108660&ver=1.164.3&compression=base64:0
[   21745ms] [WARNING] The resource https://web.archive.org/web/20250912151500mp_/https://docs.cursor.com/mintlify-assets/_next/static/media/e4af272ccee01ff0-s.p.woff2 was preloaded using link preload but not used within a few seconds from the window's load event. Please make sure it has an appropriate `as` value and it is preloaded intentionally. @ https://web.archive.org/web/20250912151500/https://docs.cursor.com/en/agent/chat/summarization:0
[   21745ms] [WARNING] The resource https://web.archive.org/web/20250912151500/https://docs.cursor.com/mintlify-assets/_next/static/chunks/webpack-1776b8baec7e80e8.js was preloaded using link preload but not used within a few seconds from the window's load event. Please make sure it has an appropriate `as` value and it is preloaded intentionally. @ https://web.archive.org/web/20250912151500/https://docs.cursor.com/en/agent/chat/summarization:0
[   21745ms] [WARNING] The resource https://web.archive.org/web/20250912151500mp_/https://docs.cursor.com/mintlify-assets/_next/static/media/bb3ef058b751a6ad-s.p.woff2 was preloaded using link preload but not used within a few seconds from the window's load event. Please make sure it has an appropriate `as` value and it is preloaded intentionally. @ https://web.archive.org/web/20250912151500/https://docs.cursor.com/en/agent/chat/summarization:0
[   21745ms] [WARNING] The resource https://web.archive.org/web/20250912151500/https://mintcdn.com/cursor/E7JVsKUF5L-IiJRB/images/logo/app-logo.svg?fit=max&auto=format&n=E7JVsKUF5L-IiJRB&q=85&s=dc18831b757d2de129d2e5de23467c21 was preloaded using link preload but not used within a few seconds from the window's load event. Please make sure it has an appropriate `as` value and it is preloaded intentionally. @ https://web.archive.org/web/20250912151500/https://docs.cursor.com/en/agent/chat/summarization:0
[   21746ms] [WARNING] The resource https://web.archive.org/web/20250912151500mp_/https://docs.cursor.com/mintlify-assets/_next/static/css/295e7247b4a24005.css was preloaded using link preload but not used within a few seconds from the window's load event. Please make sure it has an appropriate `as` value and it is preloaded intentionally. @ https://web.archive.org/web/20250912151500/https://docs.cursor.com/en/agent/chat/summarization:0
[   21746ms] [WARNING] The resource https://web.archive.org/web/20250912151500mp_/https://d4tuoctqmanu0.cloudfront.net/katex.min.css was preloaded using link preload but not used within a few seconds from the window's load event. Please make sure it has an appropriate `as` value and it is preloaded intentionally. @ https://web.archive.org/web/20250912151500/https://docs.cursor.com/en/agent/chat/summarization:0
[   21746ms] [WARNING] The resource https://web.archive.org/web/20250912151500/https://docs.cursor.com/mintlify-assets/_next/static/chunks/2603.4a3626e375165093.js was preloaded using link preload but not used within a few seconds from the window's load event. Please make sure it has an appropriate `as` value and it is preloaded intentionally. @ https://web.archive.org/web/20250912151500/https://docs.cursor.com/en/agent/chat/summarization:0
[   21746ms] [WARNING] The resource https://web.archive.org/web/20250912151500/https://docs.cursor.com/mintlify-assets/_next/static/media/bb3ef058b751a6ad-s.p.woff2 was preloaded using link preload but not used within a few seconds from the window's load event. Please make sure it has an appropriate `as` value and it is preloaded intentionally. @ https://web.archive.org/web/20250912151500/https://docs.cursor.com/en/agent/chat/summarization:0
[   21746ms] [WARNING] The resource https://web.archive.org/web/20250912151500/https://d3gk2c5xim1je2.cloudfront.net/flags/US.svg was preloaded using link preload but not used within a few seconds from the window's load event. Please make sure it has an appropriate `as` value and it is preloaded intentionally. @ https://web.archive.org/web/20250912151500/https://docs.cursor.com/en/agent/chat/summarization:0
[   21746ms] [WARNING] The resource https://web.archive.org/web/20250912151500mp_/https://docs.cursor.com/mintlify-assets/_next/static/css/d910ce6c26d880b3.css was preloaded using link preload but not used within a few seconds from the window's load event. Please make sure it has an appropriate `as` value and it is preloaded intentionally. @ https://web.archive.org/web/20250912151500/https://docs.cursor.com/en/agent/chat/summarization:0
[   21746ms] [WARNING] The resource https://web.archive.org/web/20250912151500mp_/https://docs.cursor.com/mintlify-assets/_next/static/css/19e66b131dc509b0.css was preloaded using link preload but not used within a few seconds from the window's load event. Please make sure it has an appropriate `as` value and it is preloaded intentionally. @ https://web.archive.org/web/20250912151500/https://docs.cursor.com/en/agent/chat/summarization:0
[   21746ms] [WARNING] The resource https://web.archive.org/web/20250912151500/https://docs.cursor.com/mintlify-assets/_next/static/media/e4af272ccee01ff0-s.p.woff2 was preloaded using link preload but not used within a few seconds from the window's load event. Please make sure it has an appropriate `as` value and it is preloaded intentionally. @ https://web.archive.org/web/20250912151500/https://docs.cursor.com/en/agent/chat/summarization:0
