[     679ms] Error: Minified React error #418; visit https://react.dev/errors/418?args[]=HTML&args[]= for the full message or use the non-minified dev environment for full errors and additional helpful warnings.
    at rX (https://cursor.com/docs-static/_next/static/chunks/10zw87jgh4uhd.js?dpl=dpl_H3ZWNvi9spVpF4REih4rw2oveNbc:1:52639)
    at o5 (https://cursor.com/docs-static/_next/static/chunks/10zw87jgh4uhd.js?dpl=dpl_H3ZWNvi9spVpF4REih4rw2oveNbc:1:94347)
    at iu (https://cursor.com/docs-static/_next/static/chunks/10zw87jgh4uhd.js?dpl=dpl_H3ZWNvi9spVpF4REih4rw2oveNbc:1:104226)
    at sd (https://cursor.com/docs-static/_next/static/chunks/10zw87jgh4uhd.js?dpl=dpl_H3ZWNvi9spVpF4REih4rw2oveNbc:1:144370)
    at https://cursor.com/docs-static/_next/static/chunks/10zw87jgh4uhd.js?dpl=dpl_H3ZWNvi9spVpF4REih4rw2oveNbc:1:139256
    at se (https://cursor.com/docs-static/_next/static/chunks/10zw87jgh4uhd.js?dpl=dpl_H3ZWNvi9spVpF4REih4rw2oveNbc:1:139357)
    at s$ (https://cursor.com/docs-static/_next/static/chunks/10zw87jgh4uhd.js?dpl=dpl_H3ZWNvi9spVpF4REih4rw2oveNbc:1:165921)
    at MessagePort.O (https://cursor.com/docs-static/_next/static/chunks/10zw87jgh4uhd.js?dpl=dpl_H3ZWNvi9spVpF4REih4rw2oveNbc:1:14079)
[    1136ms] [LOG] Error @ https://cursor.com/149e9513-01fa-4fb0-aad4-566afd725d1b/2d206a39-8ed7-437e-a3be-862e0f06eea3/a-4-a/c.js?i=0&v=3&h=cursor.com:0
[    2847ms] [LOG] Error @ :2
[    2863ms] [LOG] Error @ :2
[    2864ms] [LOG] Error @ :2
[    3035ms] [WARNING] Unable to create a text session because the service is not running. @ https://cursor.com/149e9513-01fa-4fb0-aad4-566afd725d1b/2d206a39-8ed7-437e-a3be-862e0f06eea3/fp?x-kpsdk-v=j-1.2.522:0
[    3039ms] [WARNING] Unable to create a text session because the service is not running. @ https://cursor.com/149e9513-01fa-4fb0-aad4-566afd725d1b/2d206a39-8ed7-437e-a3be-862e0f06eea3/fp?x-kpsdk-v=j-1.2.522:0
[    3063ms] [WARNING] Unable to create a text session because the service is not running. @ https://cursor.com/149e9513-01fa-4fb0-aad4-566afd725d1b/2d206a39-8ed7-437e-a3be-862e0f06eea3/fp?x-kpsdk-v=j-1.2.522:0
[    3064ms] [WARNING] Unable to create a text session because the service is not running. @ https://cursor.com/149e9513-01fa-4fb0-aad4-566afd725d1b/2d206a39-8ed7-437e-a3be-862e0f06eea3/fp?x-kpsdk-v=j-1.2.522:0
[    3065ms] [WARNING] The requested language options are not supported. @ https://cursor.com/149e9513-01fa-4fb0-aad4-566afd725d1b/2d206a39-8ed7-437e-a3be-862e0f06eea3/fp?x-kpsdk-v=j-1.2.522:0
[    3065ms] [ERROR] Unsupported Summarizer API languages were specified, and the request was aborted. API calls must only specify supported languages to ensure successful processing and guarantee output characteristics. Please only specify supported language codes: [de, en, es, fr, ja] @ https://cursor.com/149e9513-01fa-4fb0-aad4-566afd725d1b/2d206a39-8ed7-437e-a3be-862e0f06eea3/fp?x-kpsdk-v=j-1.2.522:0
[    3065ms] [WARNING] The requested language options are not supported. @ https://cursor.com/149e9513-01fa-4fb0-aad4-566afd725d1b/2d206a39-8ed7-437e-a3be-862e0f06eea3/fp?x-kpsdk-v=j-1.2.522:0
[    3065ms] [WARNING] The requested language options are not supported. @ https://cursor.com/149e9513-01fa-4fb0-aad4-566afd725d1b/2d206a39-8ed7-437e-a3be-862e0f06eea3/fp?x-kpsdk-v=j-1.2.522:0
[    3065ms] [WARNING] The requested language options are not supported. @ https://cursor.com/149e9513-01fa-4fb0-aad4-566afd725d1b/2d206a39-8ed7-437e-a3be-862e0f06eea3/fp?x-kpsdk-v=j-1.2.522:0
[    3065ms] [WARNING] Unable to create a text session because the service is not running. @ https://cursor.com/149e9513-01fa-4fb0-aad4-566afd725d1b/2d206a39-8ed7-437e-a3be-862e0f06eea3/fp?x-kpsdk-v=j-1.2.522:0
[    3066ms] [WARNING] The requested language options are not supported. @ https://cursor.com/149e9513-01fa-4fb0-aad4-566afd725d1b/2d206a39-8ed7-437e-a3be-862e0f06eea3/fp?x-kpsdk-v=j-1.2.522:0
[    3066ms] [WARNING] The requested language options are not supported. @ https://cursor.com/149e9513-01fa-4fb0-aad4-566afd725d1b/2d206a39-8ed7-437e-a3be-862e0f06eea3/fp?x-kpsdk-v=j-1.2.522:0
[    3182ms] [LOG] Error @ :2
[    3759ms] [LOG] Error @ https://cursor.com/149e9513-01fa-4fb0-aad4-566afd725d1b/2d206a39-8ed7-437e-a3be-862e0f06eea3/a-4-a/c.js?i=0&v=3&h=cursor.com:0
[    4444ms] [ERROR] Failed to load resource: the server responded with a status of 403 () @ https://cursor.com/api/search?q=cursor:0
