[    2380ms] ReferenceError: require is not defined
    at <anonymous>:13:12
    at y (https://docs.devin.ai/mintlify-assets/_next/static/chunks/ef1439d5f668da9d.js?dpl=dpl_F3j1NJMwtmaBR5s9XztJunbQ53PF:1:3574)
    at https://docs.devin.ai/mintlify-assets/_next/static/chunks/ef1439d5f668da9d.js?dpl=dpl_F3j1NJMwtmaBR5s9XztJunbQ53PF:1:4388
    at oZ (https://docs.devin.ai/mintlify-assets/_next/static/chunks/f486afc314643ce1.js?dpl=dpl_F3j1NJMwtmaBR5s9XztJunbQ53PF:1:97038)
    at uw (https://docs.devin.ai/mintlify-assets/_next/static/chunks/f486afc314643ce1.js?dpl=dpl_F3j1NJMwtmaBR5s9XztJunbQ53PF:1:112930)
    at uk (https://docs.devin.ai/mintlify-assets/_next/static/chunks/f486afc314643ce1.js?dpl=dpl_F3j1NJMwtmaBR5s9XztJunbQ53PF:1:112814)
    at uw (https://docs.devin.ai/mintlify-assets/_next/static/chunks/f486afc314643ce1.js?dpl=dpl_F3j1NJMwtmaBR5s9XztJunbQ53PF:1:112910)
    at uk (https://docs.devin.ai/mintlify-assets/_next/static/chunks/f486afc314643ce1.js?dpl=dpl_F3j1NJMwtmaBR5s9XztJunbQ53PF:1:112814)
    at uw (https://docs.devin.ai/mintlify-assets/_next/static/chunks/f486afc314643ce1.js?dpl=dpl_F3j1NJMwtmaBR5s9XztJunbQ53PF:1:112975)
    at uk (https://docs.devin.ai/mintlify-assets/_next/static/chunks/f486afc314643ce1.js?dpl=dpl_F3j1NJMwtmaBR5s9XztJunbQ53PF:1:112814)
[    2381ms] SyntaxError: Failed to execute 'appendChild' on 'Node': Identifier 'fs' has already been declared
    at y (https://docs.devin.ai/mintlify-assets/_next/static/chunks/ef1439d5f668da9d.js?dpl=dpl_F3j1NJMwtmaBR5s9XztJunbQ53PF:1:3574)
    at https://docs.devin.ai/mintlify-assets/_next/static/chunks/ef1439d5f668da9d.js?dpl=dpl_F3j1NJMwtmaBR5s9XztJunbQ53PF:1:4388
    at oZ (https://docs.devin.ai/mintlify-assets/_next/static/chunks/f486afc314643ce1.js?dpl=dpl_F3j1NJMwtmaBR5s9XztJunbQ53PF:1:97038)
    at uw (https://docs.devin.ai/mintlify-assets/_next/static/chunks/f486afc314643ce1.js?dpl=dpl_F3j1NJMwtmaBR5s9XztJunbQ53PF:1:112930)
    at uk (https://docs.devin.ai/mintlify-assets/_next/static/chunks/f486afc314643ce1.js?dpl=dpl_F3j1NJMwtmaBR5s9XztJunbQ53PF:1:112814)
    at uw (https://docs.devin.ai/mintlify-assets/_next/static/chunks/f486afc314643ce1.js?dpl=dpl_F3j1NJMwtmaBR5s9XztJunbQ53PF:1:112910)
    at uk (https://docs.devin.ai/mintlify-assets/_next/static/chunks/f486afc314643ce1.js?dpl=dpl_F3j1NJMwtmaBR5s9XztJunbQ53PF:1:112814)
    at uw (https://docs.devin.ai/mintlify-assets/_next/static/chunks/f486afc314643ce1.js?dpl=dpl_F3j1NJMwtmaBR5s9XztJunbQ53PF:1:112975)
    at uk (https://docs.devin.ai/mintlify-assets/_next/static/chunks/f486afc314643ce1.js?dpl=dpl_F3j1NJMwtmaBR5s9XztJunbQ53PF:1:112814)
    at uw (https://docs.devin.ai/mintlify-assets/_next/static/chunks/f486afc314643ce1.js?dpl=dpl_F3j1NJMwtmaBR5s9XztJunbQ53PF:1:112910)
